[file orca_leanscf/orca_leanscf.cpp, line 306, Process 7]: Error (ORCA_LEANSCF): unfortunately, the SCF has not converged. There may be a way out but we have to stop here 
[file orca_leanscf/orca_leanscf.cpp, line 306, Process 0]: Error (ORCA_LEANSCF): unfortunately, the SCF has not converged. There may be a way out but we have to stop here 
[file orca_leanscf/orca_leanscf.cpp, line 306, Process 1]: Error (ORCA_LEANSCF): unfortunately, the SCF has not converged. There may be a way out but we have to stop here 
[file orca_leanscf/orca_leanscf.cpp, line 306, Process 2]: Error (ORCA_LEANSCF): unfortunately, the SCF has not converged. There may be a way out but we have to stop here 
[file orca_leanscf/orca_leanscf.cpp, line 306, Process 3]: Error (ORCA_LEANSCF): unfortunately, the SCF has not converged. There may be a way out but we have to stop here 
[file orca_leanscf/orca_leanscf.cpp, line 306, Process 4]: Error (ORCA_LEANSCF): unfortunately, the SCF has not converged. There may be a way out but we have to stop here 
[file orca_leanscf/orca_leanscf.cpp, line 306, Process 5]: Error (ORCA_LEANSCF): unfortunately, the SCF has not converged. There may be a way out but we have to stop here 
[file orca_leanscf/orca_leanscf.cpp, line 306, Process 6]: Error (ORCA_LEANSCF): unfortunately, the SCF has not converged. There may be a way out but we have to stop here 
[vmi3233575:332081] *** Process received signal ***
[vmi3233575:332085] *** Process received signal ***
[vmi3233575:332075] *** Process received signal ***
[vmi3233575:332076] *** Process received signal ***
[vmi3233575:332077] *** Process received signal ***
[vmi3233575:332078] *** Process received signal ***
[vmi3233575:332079] *** Process received signal ***
[vmi3233575:332076] Signal: Aborted (6)
[vmi3233575:332076] Signal code:  (-6)
[vmi3233575:332077] Signal: Aborted (6)
[vmi3233575:332077] Signal code:  (-6)
[vmi3233575:332078] Signal: Aborted (6)
[vmi3233575:332078] Signal code:  (-6)
[vmi3233575:332079] Signal: Aborted (6)
[vmi3233575:332079] Signal code:  (-6)
[vmi3233575:332081] Signal: Aborted (6)
[vmi3233575:332081] Signal code:  (-6)
[vmi3233575:332085] Signal: Aborted (6)
[vmi3233575:332085] Signal code:  (-6)
[vmi3233575:332075] Signal: Aborted (6)
[vmi3233575:332075] Signal code:  (-6)
[vmi3233575:332077] [ 0] /lib/x86_64-linux-gnu/libc.so.6(+0x45330)[0x740b63a45330]
[vmi3233575:332077] [ 1] /lib/x86_64-linux-gnu/libc.so.6(pthread_kill+0x11c)[0x740b63a9eb2c]
[vmi3233575:332077] [ 2] /lib/x86_64-linux-gnu/libc.so.6(gsignal+0x1e)[0x740b63a4527e]
[vmi3233575:332077] [ 3] /lib/x86_64-linux-gnu/libc.so.6(abort+0xdf)[0x740b63a288ff]
[vmi3233575:332077] [ 4] [vmi3233575:332075] [ 0] /lib/x86_64-linux-gnu/libc.so.6(+0x45330)[0x74be9d445330]
[vmi3233575:332075] [ 1] /lib/x86_64-linux-gnu/libc.so.6(pthread_kill+0x11c)[0x74be9d49eb2c]
[vmi3233575:332075] [ 2] /lib/x86_64-linux-gnu/libc.so.6(gsignal+0x1e)[0x74be9d44527e]
[vmi3233575:332075] [ 3] /lib/x86_64-linux-gnu/libc.so.6(abort+0xdf)[0x74be9d4288ff]
[vmi3233575:332075] [ 4] [vmi3233575:332079] [ 0] /lib/x86_64-linux-gnu/libc.so.6(+0x45330)[0x7ccafe445330]
[vmi3233575:332079] [ 1] /lib/x86_64-linux-gnu/libc.so.6(pthread_kill+0x11c)[0x7ccafe49eb2c]
[vmi3233575:332079] [ 2] /lib/x86_64-linux-gnu/libc.so.6(gsignal+0x1e)[0x7ccafe44527e]
[vmi3233575:332079] [ 3] /lib/x86_64-linux-gnu/libc.so.6(abort+0xdf)[0x7ccafe4288ff]
[vmi3233575:332079] [ 4] [vmi3233575:332074] *** Process received signal ***
[vmi3233575:332074] Signal: Aborted (6)
[vmi3233575:332074] Signal code:  (-6)
[vmi3233575:332074] [ 0] /lib/x86_64-linux-gnu/libc.so.6(+0x45330)[0x7376ee445330]
[vmi3233575:332074] [ 1] /lib/x86_64-linux-gnu/libc.so.6(pthread_kill+0x11c)[0x7376ee49eb2c]
[vmi3233575:332074] [ 2] /lib/x86_64-linux-gnu/libc.so.6(gsignal+0x1e)[0x7376ee44527e]
[vmi3233575:332074] [ 3] /lib/x86_64-linux-gnu/libc.so.6(abort+0xdf)[0x7376ee4288ff]
[vmi3233575:332074] [ 4] [vmi3233575:332081] [ 0] /lib/x86_64-linux-gnu/libc.so.6(+0x45330)[0x7f377d645330]
[vmi3233575:332081] [ 1] /lib/x86_64-linux-gnu/libc.so.6(pthread_kill+0x11c)[0x7f377d69eb2c]
[vmi3233575:332081] [ 2] /lib/x86_64-linux-gnu/libc.so.6(gsignal+0x1e)[0x7f377d64527e]
[vmi3233575:332081] [ 3] /lib/x86_64-linux-gnu/libc.so.6(abort+0xdf)[0x7f377d6288ff]
[vmi3233575:332081] [ 4] [vmi3233575:332085] [ 0] /lib/x86_64-linux-gnu/libc.so.6(+0x45330)[0x719cd7e45330]
[vmi3233575:332085] [ 1] /lib/x86_64-linux-gnu/libc.so.6(pthread_kill+0x11c)[0x719cd7e9eb2c]
[vmi3233575:332085] [ 2] /lib/x86_64-linux-gnu/libc.so.6(gsignal+0x1e)[0x719cd7e4527e]
[vmi3233575:332085] [ 3] /lib/x86_64-linux-gnu/libc.so.6(abort+0xdf)[0x719cd7e288ff]
[vmi3233575:332085] [ 4] [vmi3233575:332078] [ 0] /lib/x86_64-linux-gnu/libc.so.6(+0x45330)[0x7f1a32445330]
[vmi3233575:332078] [ 1] /lib/x86_64-linux-gnu/libc.so.6(pthread_kill+0x11c)[0x7f1a3249eb2c]
[vmi3233575:332078] [ 2] /lib/x86_64-linux-gnu/libc.so.6(gsignal+0x1e)[0x7f1a3244527e]
[vmi3233575:332078] [ 3] /lib/x86_64-linux-gnu/libc.so.6(abort+0xdf)[0x7f1a324288ff]
[vmi3233575:332078] [ 4] [vmi3233575:332076] [ 0] /lib/x86_64-linux-gnu/libc.so.6(+0x45330)[0x703ed8a45330]
[vmi3233575:332076] [ 1] /lib/x86_64-linux-gnu/libc.so.6(pthread_kill+0x11c)[0x703ed8a9eb2c]
[vmi3233575:332076] [ 2] /lib/x86_64-linux-gnu/libc.so.6(gsignal+0x1e)[0x703ed8a4527e]
[vmi3233575:332076] [ 3] /lib/x86_64-linux-gnu/libc.so.6(abort+0xdf)[0x703ed8a288ff]
[vmi3233575:332076] [ 4] /opt/orca/lib/liborca_tools_6_1_1_mpi.so.6(_Z9PAL_Aborti+0x20)[0x7ccb037a1f50]
/opt/orca/lib/liborca_tools_6_1_1_mpi.so.6(_Z9PAL_Aborti+0x20)[0x7376f37a1f50]
[vmi3233575:332074] [ 5] /opt/orca/orca_leanscf_mpi[0x426c3f]
[vmi3233575:332074] [ 6] /lib/x86_64-linux-gnu/libc.so.6(+0x2a1ca)[0x7376ee42a1ca]
[vmi3233575:332074] [ 7] /lib/x86_64-linux-gnu/libc.so.6(__libc_start_main+0x8b)[0x7376ee42a28b]
[vmi3233575:332074] [ 8] /opt/orca/orca_leanscf_mpi[0x426116]
[vmi3233575:332074] *** End of error message ***
/opt/orca/lib/liborca_tools_6_1_1_mpi.so.6(_Z9PAL_Aborti+0x20)[0x7f37829a1f50]
[vmi3233575:332081] [ 5] /opt/orca/lib/liborca_tools_6_1_1_mpi.so.6(_Z9PAL_Aborti+0x20)[0x719cdd1a1f50]
[vmi3233575:332085] [ 5] /opt/orca/orca_leanscf_mpi[0x426c3f]
[vmi3233575:332085] [ 6] /lib/x86_64-linux-gnu/libc.so.6(+0x2a1ca)[0x719cd7e2a1ca]
[vmi3233575:332085] [ 7] /lib/x86_64-linux-gnu/libc.so.6(__libc_start_main+0x8b)[0x719cd7e2a28b]
[vmi3233575:332085] [ 8] /opt/orca/orca_leanscf_mpi[0x426116]
[vmi3233575:332085] *** End of error message ***
/opt/orca/lib/liborca_tools_6_1_1_mpi.so.6(_Z9PAL_Aborti+0x20)[0x7f1a377a1f50]
[vmi3233575:332078] [ 5] /opt/orca/orca_leanscf_mpi[0x426c3f]
[vmi3233575:332078] [ 6] /lib/x86_64-linux-gnu/libc.so.6(+0x2a1ca)[0x7f1a3242a1ca]
[vmi3233575:332078] [ 7] /lib/x86_64-linux-gnu/libc.so.6(__libc_start_main+0x8b)[0x7f1a3242a28b]
[vmi3233575:332078] [ 8] /opt/orca/orca_leanscf_mpi[0x426116]
/opt/orca/lib/liborca_tools_6_1_1_mpi.so.6(_Z9PAL_Aborti+0x20)[0x740b68da1f50]
[vmi3233575:332077] [ 5] /opt/orca/orca_leanscf_mpi[0x426c3f]
[vmi3233575:332077] [ 6] /lib/x86_64-linux-gnu/libc.so.6(+0x2a1ca)[0x740b63a2a1ca]
[vmi3233575:332077] [ 7] /lib/x86_64-linux-gnu/libc.so.6(__libc_start_main+0x8b)[0x740b63a2a28b]
[vmi3233575:332077] [ 8] /opt/orca/orca_leanscf_mpi[0x426116]
[vmi3233575:332077] *** End of error message ***
/opt/orca/lib/liborca_tools_6_1_1_mpi.so.6(_Z9PAL_Aborti+0x20)[0x703eddda1f50]
[vmi3233575:332076] [ 5] /opt/orca/orca_leanscf_mpi[0x426c3f]
[vmi3233575:332076] [ 6] /lib/x86_64-linux-gnu/libc.so.6(+0x2a1ca)[0x703ed8a2a1ca]
[vmi3233575:332076] [ 7] /lib/x86_64-linux-gnu/libc.so.6(__libc_start_main+0x8b)[0x703ed8a2a28b]
[vmi3233575:332076] [ 8] /opt/orca/orca_leanscf_mpi[0x426116]
[vmi3233575:332078] *** End of error message ***
[vmi3233575:332076] *** End of error message ***
/opt/orca/lib/liborca_tools_6_1_1_mpi.so.6(_Z9PAL_Aborti+0x20)[0x74bea27a1f50]
[vmi3233575:332075] [ 5] /opt/orca/orca_leanscf_mpi[0x426c3f]
[vmi3233575:332075] [ 6] /lib/x86_64-linux-gnu/libc.so.6(+0x2a1ca)[0x74be9d42a1ca]
[vmi3233575:332075] [ 7] /lib/x86_64-linux-gnu/libc.so.6(__libc_start_main+0x8b)[0x74be9d42a28b]
[vmi3233575:332075] [ 8] /opt/orca/orca_leanscf_mpi[0x426116]
[vmi3233575:332075] *** End of error message ***
[vmi3233575:332079] [ 5] /opt/orca/orca_leanscf_mpi[0x426c3f]
[vmi3233575:332079] /opt/orca/orca_leanscf_mpi[0x426c3f]
[vmi3233575:332081] [ 6] /lib/x86_64-linux-gnu/libc.so.6(+0x2a1ca)[0x7f377d62a1ca]
[vmi3233575:332081] [ 7] /lib/x86_64-linux-gnu/libc.so.6(__libc_start_main+0x8b)[0x7f377d62a28b]
[vmi3233575:332081] [ 8] /opt/orca/orca_leanscf_mpi[0x426116]
[vmi3233575:332081] *** End of error message ***
[ 6] /lib/x86_64-linux-gnu/libc.so.6(+0x2a1ca)[0x7ccafe42a1ca]
[vmi3233575:332079] [ 7] /lib/x86_64-linux-gnu/libc.so.6(__libc_start_main+0x8b)[0x7ccafe42a28b]
[vmi3233575:332079] [ 8] /opt/orca/orca_leanscf_mpi[0x426116]
[vmi3233575:332079] *** End of error message ***
--------------------------------------------------------------------------
Primary job  terminated normally, but 1 process returned
a non-zero exit code. Per user-direction, the job has been aborted.
--------------------------------------------------------------------------
--------------------------------------------------------------------------
mpirun noticed that process rank 4 with PID 0 on node vmi3233575 exited on signal 6 (Aborted).
--------------------------------------------------------------------------
[file orca_tools/qcmsg.cpp, line 394]: 
  .... aborting the run

