============================================================
B12 ORCA timeout run started: 2026-05-06 18:34:09
TIME_LIMIT=4h per calculation
============================================================
[2026-05-06 18:34:09] SKIP completed 1/210: calculations/B12/bilayer_3d/d_2.0/mult_1
[2026-05-06 18:34:09] SKIP completed 2/210: calculations/B12/bilayer_3d/d_2.0/mult_3
[2026-05-06 18:34:09] SKIP completed 3/210: calculations/B12/bilayer_3d/d_2.0/mult_5
[2026-05-06 18:34:09] SKIP completed 4/210: calculations/B12/bilayer_3d/d_2.5/mult_1
[2026-05-06 18:34:09] SKIP completed 5/210: calculations/B12/bilayer_3d/d_2.5/mult_3
[2026-05-06 18:34:09] SKIP completed 6/210: calculations/B12/bilayer_3d/d_2.5/mult_5
[2026-05-06 18:34:09] SKIP completed 7/210: calculations/B12/bilayer_3d/d_3.0/mult_1
[2026-05-06 18:34:09] SKIP completed 8/210: calculations/B12/bilayer_3d/d_3.0/mult_3
[2026-05-06 18:34:09] SKIP completed 9/210: calculations/B12/bilayer_3d/d_3.0/mult_5
[2026-05-06 18:34:09] SKIP completed 10/210: calculations/B12/bilayer_3d/d_3.5/mult_1
[2026-05-06 18:34:09] SKIP completed 11/210: calculations/B12/bilayer_3d/d_3.5/mult_3
[2026-05-06 18:34:09] SKIP completed 12/210: calculations/B12/bilayer_3d/d_3.5/mult_5
[2026-05-06 18:34:09] SKIP completed 13/210: calculations/B12/bilayer_3d/d_4.0/mult_1
[2026-05-06 18:34:09] SKIP completed 14/210: calculations/B12/bilayer_3d/d_4.0/mult_3
[2026-05-06 18:34:09] SKIP completed 15/210: calculations/B12/bilayer_3d/d_4.0/mult_5
[2026-05-06 18:34:09] SKIP completed 16/210: calculations/B12/bilayer_3d/d_4.5/mult_1
[2026-05-06 18:34:09] SKIP completed 17/210: calculations/B12/bilayer_3d/d_4.5/mult_3
[2026-05-06 18:34:09] SKIP completed 18/210: calculations/B12/bilayer_3d/d_4.5/mult_5
[2026-05-06 18:34:09] SKIP completed 19/210: calculations/B12/bilayer_3d/d_5.0/mult_1
[2026-05-06 18:34:09] SKIP completed 20/210: calculations/B12/bilayer_3d/d_5.0/mult_3
[2026-05-06 18:34:09] SKIP completed 21/210: calculations/B12/bilayer_3d/d_5.0/mult_5
[2026-05-06 18:34:09] SKIP completed 22/210: calculations/B12/compact_3d/d_2.0/mult_1
[2026-05-06 18:34:09] SKIP completed 23/210: calculations/B12/compact_3d/d_2.0/mult_3
[2026-05-06 18:34:09] SKIP completed 24/210: calculations/B12/compact_3d/d_2.0/mult_5
[2026-05-06 18:34:09] SKIP completed 25/210: calculations/B12/compact_3d/d_2.5/mult_1
[2026-05-06 18:34:09] START 26/210: calculations/B12/compact_3d/d_2.5/mult_3
