[file orca_leanscf/orca_leanscf.cpp, line 306, Process 0]: Error (ORCA_LEANSCF): unfortunately, the SCF has not converged. There may be a way out but we have to stop here 
[file orca_leanscf/orca_leanscf.cpp, line 306, Process 1]: Error (ORCA_LEANSCF): unfortunately, the SCF has not converged. There may be a way out but we have to stop here 
[file orca_leanscf/orca_leanscf.cpp, line 306, Process 2]: Error (ORCA_LEANSCF): unfortunately, the SCF has not converged. There may be a way out but we have to stop here 
[file orca_leanscf/orca_leanscf.cpp, line 306, Process 3]: Error (ORCA_LEANSCF): unfortunately, the SCF has not converged. There may be a way out but we have to stop here 
[file orca_leanscf/orca_leanscf.cpp, line 306, Process 4]: Error (ORCA_LEANSCF): unfortunately, the SCF has not converged. There may be a way out but we have to stop here 
[file orca_leanscf/orca_leanscf.cpp, line 306, Process 5]: Error (ORCA_LEANSCF): unfortunately, the SCF has not converged. There may be a way out but we have to stop here 
[file orca_leanscf/orca_leanscf.cpp, line 306, Process 6]: Error (ORCA_LEANSCF): unfortunately, the SCF has not converged. There may be a way out but we have to stop here 
[file orca_leanscf/orca_leanscf.cpp, line 306, Process 7]: Error (ORCA_LEANSCF): unfortunately, the SCF has not converged. There may be a way out but we have to stop here 
[vmi3233575:331211] *** Process received signal ***
[vmi3233575:331212] *** Process received signal ***
[vmi3233575:331217] *** Process received signal ***
[vmi3233575:331215] *** Process received signal ***
[vmi3233575:331216] *** Process received signal ***
[vmi3233575:331208] *** Process received signal ***
[vmi3233575:331208] Signal: Aborted (6)
[vmi3233575:331208] Signal code:  (-6)
[vmi3233575:331209] *** Process received signal ***
[vmi3233575:331209] Signal: Aborted (6)
[vmi3233575:331209] Signal code:  (-6)
[vmi3233575:331210] *** Process received signal ***
[vmi3233575:331210] Signal: Aborted (6)
[vmi3233575:331210] Signal code:  (-6)
[vmi3233575:331211] Signal: Aborted (6)
[vmi3233575:331211] Signal code:  (-6)
[vmi3233575:331212] Signal: Aborted (6)
[vmi3233575:331212] Signal code:  (-6)
[vmi3233575:331217] Signal: Aborted (6)
[vmi3233575:331217] Signal code:  (-6)
[vmi3233575:331215] Signal: Aborted (6)
[vmi3233575:331215] Signal code:  (-6)
[vmi3233575:331216] Signal: Aborted (6)
[vmi3233575:331216] Signal code:  (-6)
[vmi3233575:331210] [ 0] /lib/x86_64-linux-gnu/libc.so.6(+0x45330)[0x7a0a31245330]
[vmi3233575:331210] [ 1] /lib/x86_64-linux-gnu/libc.so.6(pthread_kill+0x11c)[0x7a0a3129eb2c]
[vmi3233575:331210] [ 2] /lib/x86_64-linux-gnu/libc.so.6(gsignal+0x1e)[0x7a0a3124527e]
[vmi3233575:331210] [ 3] /lib/x86_64-linux-gnu/libc.so.6(abort+0xdf)[0x7a0a312288ff]
[vmi3233575:331210] [ 4] [vmi3233575:331216] [ 0] /lib/x86_64-linux-gnu/libc.so.6(+0x45330)[0x7fa47b445330]
[vmi3233575:331216] [ 1] /lib/x86_64-linux-gnu/libc.so.6(pthread_kill+0x11c)[0x7fa47b49eb2c]
[vmi3233575:331216] [ 2] /lib/x86_64-linux-gnu/libc.so.6(gsignal+0x1e)[0x7fa47b44527e]
[vmi3233575:331216] [ 3] /lib/x86_64-linux-gnu/libc.so.6(abort+0xdf)[0x7fa47b4288ff]
[vmi3233575:331216] [ 4] [vmi3233575:331211] [ 0] /lib/x86_64-linux-gnu/libc.so.6(+0x45330)[0x70f016045330]
[vmi3233575:331211] [ 1] /lib/x86_64-linux-gnu/libc.so.6(pthread_kill+0x11c)[0x70f01609eb2c]
[vmi3233575:331211] [ 2] /lib/x86_64-linux-gnu/libc.so.6(gsignal+0x1e)[0x70f01604527e]
[vmi3233575:331211] [ 3] /lib/x86_64-linux-gnu/libc.so.6(abort+0xdf)[0x70f0160288ff]
[vmi3233575:331211] [ 4] [vmi3233575:331212] [ 0] /lib/x86_64-linux-gnu/libc.so.6(+0x45330)[0x773a2d845330]
[vmi3233575:331212] [ 1] /lib/x86_64-linux-gnu/libc.so.6(pthread_kill+0x11c)[0x773a2d89eb2c]
[vmi3233575:331212] [ 2] /lib/x86_64-linux-gnu/libc.so.6(gsignal+0x1e)[0x773a2d84527e]
[vmi3233575:331212] [ 3] /lib/x86_64-linux-gnu/libc.so.6(abort+0xdf)[0x773a2d8288ff]
[vmi3233575:331212] [ 4] [vmi3233575:331217] [ 0] /lib/x86_64-linux-gnu/libc.so.6(+0x45330)[0x7e0919e45330]
[vmi3233575:331217] [ 1] /lib/x86_64-linux-gnu/libc.so.6(pthread_kill+0x11c)[0x7e0919e9eb2c]
[vmi3233575:331217] [ 2] /lib/x86_64-linux-gnu/libc.so.6(gsignal+0x1e)[0x7e0919e4527e]
[vmi3233575:331217] [ 3] /lib/x86_64-linux-gnu/libc.so.6(abort+0xdf)[0x7e0919e288ff]
[vmi3233575:331217] [ 4] [vmi3233575:331215] [ 0] /lib/x86_64-linux-gnu/libc.so.6(+0x45330)[0x76633de45330]
[vmi3233575:331215] [ 1] /lib/x86_64-linux-gnu/libc.so.6(pthread_kill+0x11c)[0x76633de9eb2c]
[vmi3233575:331215] [ 2] /lib/x86_64-linux-gnu/libc.so.6(gsignal+0x1e)[0x76633de4527e]
[vmi3233575:331215] [ 3] /lib/x86_64-linux-gnu/libc.so.6(abort+0xdf)[0x76633de288ff]
[vmi3233575:331215] [ 4] [vmi3233575:331208] [ 0] /lib/x86_64-linux-gnu/libc.so.6(+0x45330)[0x76f62d645330]
[vmi3233575:331208] [ 1] /lib/x86_64-linux-gnu/libc.so.6(pthread_kill+0x11c)[0x76f62d69eb2c]
[vmi3233575:331208] [ 2] /lib/x86_64-linux-gnu/libc.so.6(gsignal+0x1e)[0x76f62d64527e]
[vmi3233575:331208] [ 3] /lib/x86_64-linux-gnu/libc.so.6(abort+0xdf)[0x76f62d6288ff]
[vmi3233575:331208] [ 4] [vmi3233575:331209] [ 0] /lib/x86_64-linux-gnu/libc.so.6(+0x45330)[0x772bc4845330]
[vmi3233575:331209] [ 1] /lib/x86_64-linux-gnu/libc.so.6(pthread_kill+0x11c)[0x772bc489eb2c]
[vmi3233575:331209] [ 2] /lib/x86_64-linux-gnu/libc.so.6(gsignal+0x1e)[0x772bc484527e]
[vmi3233575:331209] [ 3] /lib/x86_64-linux-gnu/libc.so.6(abort+0xdf)[0x772bc48288ff]
[vmi3233575:331209] [ 4] /opt/orca/lib/liborca_tools_6_1_1_mpi.so.6(_Z9PAL_Aborti+0x20)[0x7663431a1f50]
/opt/orca/lib/liborca_tools_6_1_1_mpi.so.6(_Z9PAL_Aborti+0x20)[0x7a0a365a1f50]
[vmi3233575:331210] [ 5] /opt/orca/orca_leanscf_mpi[0x426c3f]
[vmi3233575:331210] [ 6] /lib/x86_64-linux-gnu/libc.so.6(+0x2a1ca)[0x7a0a3122a1ca]
[vmi3233575:331210] [ 7] /opt/orca/lib/liborca_tools_6_1_1_mpi.so.6(_Z9PAL_Aborti+0x20)[0x70f01b3a1f50]
[vmi3233575:331211] [ 5] /opt/orca/orca_leanscf_mpi[0x426c3f]
[vmi3233575:331211] [ 6] /opt/orca/lib/liborca_tools_6_1_1_mpi.so.6(_Z9PAL_Aborti+0x20)[0x773a32ba1f50]
[vmi3233575:331212] [ 5] /opt/orca/orca_leanscf_mpi[0x426c3f]
[vmi3233575:331212] [ 6] /lib/x86_64-linux-gnu/libc.so.6(+0x2a1ca)[0x773a2d82a1ca]
[vmi3233575:331212] [ 7] /lib/x86_64-linux-gnu/libc.so.6(__libc_start_main+0x8b)[0x773a2d82a28b]
[vmi3233575:331212] [ 8] /opt/orca/orca_leanscf_mpi[0x426116]
[vmi3233575:331212] *** End of error message ***
/opt/orca/lib/liborca_tools_6_1_1_mpi.so.6(_Z9PAL_Aborti+0x20)[0x772bc9ba1f50]
[vmi3233575:331209] [ 5] /opt/orca/orca_leanscf_mpi[0x426c3f]
[vmi3233575:331209] [ 6] /lib/x86_64-linux-gnu/libc.so.6(+0x2a1ca)[0x772bc482a1ca]
[vmi3233575:331209] [ 7] /lib/x86_64-linux-gnu/libc.so.6(__libc_start_main+0x8b)[0x7a0a3122a28b]
[vmi3233575:331210] [ 8] /opt/orca/orca_leanscf_mpi[0x426116]
[vmi3233575:331210] *** End of error message ***
/lib/x86_64-linux-gnu/libc.so.6(__libc_start_main+0x8b)[0x772bc482a28b]
[vmi3233575:331209] [ 8] /opt/orca/orca_leanscf_mpi[0x426116]
[vmi3233575:331209] *** End of error message ***
/lib/x86_64-linux-gnu/libc.so.6(+0x2a1ca)[0x70f01602a1ca]
[vmi3233575:331211] [ 7] /lib/x86_64-linux-gnu/libc.so.6(__libc_start_main+0x8b)[0x70f01602a28b]
[vmi3233575:331211] [ 8] /opt/orca/orca_leanscf_mpi[0x426116]
[vmi3233575:331211] *** End of error message ***
[vmi3233575:331215] /opt/orca/lib/liborca_tools_6_1_1_mpi.so.6(_Z9PAL_Aborti+0x20)[0x7e091f1a1f50]
[vmi3233575:331217] [ 5] [ 5] /opt/orca/orca_leanscf_mpi[0x426c3f]
[vmi3233575:331217] [ 6] /lib/x86_64-linux-gnu/libc.so.6(+0x2a1ca)[0x7e0919e2a1ca]
[vmi3233575:331217] [ 7] /lib/x86_64-linux-gnu/libc.so.6(__libc_start_main+0x8b)[0x7e0919e2a28b]
[vmi3233575:331217] [ 8] /opt/orca/orca_leanscf_mpi[0x426116]
[vmi3233575:331217] *** End of error message ***
/opt/orca/orca_leanscf_mpi[0x426c3f]
[vmi3233575:331215] [ 6] /lib/x86_64-linux-gnu/libc.so.6(+0x2a1ca)[0x76633de2a1ca]
[vmi3233575:331215] [ 7] /lib/x86_64-linux-gnu/libc.so.6(__libc_start_main+0x8b)[0x76633de2a28b]
[vmi3233575:331215] [ 8] /opt/orca/orca_leanscf_mpi[0x426116]
[vmi3233575:331215] *** End of error message ***
/opt/orca/lib/liborca_tools_6_1_1_mpi.so.6(_Z9PAL_Aborti+0x20)[0x76f6329a1f50]
[vmi3233575:331208] [ 5] /opt/orca/orca_leanscf_mpi[0x426c3f]
[vmi3233575:331208] [ 6] /lib/x86_64-linux-gnu/libc.so.6(+0x2a1ca)[0x76f62d62a1ca]
[vmi3233575:331208] [ 7] /lib/x86_64-linux-gnu/libc.so.6(__libc_start_main+0x8b)[0x76f62d62a28b]
[vmi3233575:331208] [ 8] /opt/orca/orca_leanscf_mpi[0x426116]
[vmi3233575:331208] *** End of error message ***
/opt/orca/lib/liborca_tools_6_1_1_mpi.so.6(_Z9PAL_Aborti+0x20)[0x7fa4807a1f50]
[vmi3233575:331216] [ 5] /opt/orca/orca_leanscf_mpi[0x426c3f]
[vmi3233575:331216] [ 6] /lib/x86_64-linux-gnu/libc.so.6(+0x2a1ca)[0x7fa47b42a1ca]
[vmi3233575:331216] [ 7] /lib/x86_64-linux-gnu/libc.so.6(__libc_start_main+0x8b)[0x7fa47b42a28b]
[vmi3233575:331216] [ 8] /opt/orca/orca_leanscf_mpi[0x426116]
[vmi3233575:331216] *** End of error message ***
--------------------------------------------------------------------------
Primary job  terminated normally, but 1 process returned
a non-zero exit code. Per user-direction, the job has been aborted.
--------------------------------------------------------------------------
--------------------------------------------------------------------------
mpirun noticed that process rank 7 with PID 0 on node vmi3233575 exited on signal 6 (Aborted).
--------------------------------------------------------------------------
[file orca_tools/qcmsg.cpp, line 394]: 
  .... aborting the run

