[vmi3233575:253014] *** Process received signal ***
[vmi3233575:253014] Signal: Aborted (6)
[vmi3233575:253014] Signal code:  (-6)
[vmi3233575:253015] *** Process received signal ***
[vmi3233575:253015] Signal: Aborted (6)
[vmi3233575:253015] Signal code:  (-6)
[vmi3233575:253016] *** Process received signal ***
[vmi3233575:253016] Signal: Aborted (6)
[vmi3233575:253016] Signal code:  (-6)
[vmi3233575:253017] *** Process received signal ***
[vmi3233575:253017] Signal: Aborted (6)
[vmi3233575:253017] Signal code:  (-6)
[vmi3233575:253018] *** Process received signal ***
[vmi3233575:253018] Signal: Aborted (6)
[vmi3233575:253018] Signal code:  (-6)
[vmi3233575:253012] *** Process received signal ***
[vmi3233575:253013] *** Process received signal ***
[vmi3233575:253013] Signal: Aborted (6)
[vmi3233575:253013] Signal code:  (-6)
[vmi3233575:253011] *** Process received signal ***
[vmi3233575:253011] Signal: Aborted (6)
[vmi3233575:253011] Signal code:  (-6)
[vmi3233575:253012] Signal: Aborted (6)
[vmi3233575:253012] Signal code:  (-6)
[vmi3233575:253015] [ 0] /lib/x86_64-linux-gnu/libc.so.6(+0x45330)[0x7b956c445330]
[vmi3233575:253015] [ 1] /lib/x86_64-linux-gnu/libc.so.6(pthread_kill+0x11c)[0x7b956c49eb2c]
[vmi3233575:253015] [ 2] /lib/x86_64-linux-gnu/libc.so.6(gsignal+0x1e)[0x7b956c44527e]
[vmi3233575:253015] [ 3] /lib/x86_64-linux-gnu/libc.so.6(abort+0xdf)[0x7b956c4288ff]
[vmi3233575:253015] [ 4] [vmi3233575:253017] [ 0] /lib/x86_64-linux-gnu/libc.so.6(+0x45330)[0x7e7048c45330]
[vmi3233575:253017] [ 1] /lib/x86_64-linux-gnu/libc.so.6(pthread_kill+0x11c)[0x7e7048c9eb2c]
[vmi3233575:253017] [ 2] /lib/x86_64-linux-gnu/libc.so.6(gsignal+0x1e)[0x7e7048c4527e]
[vmi3233575:253017] [ 3] [vmi3233575:253018] [ 0] /lib/x86_64-linux-gnu/libc.so.6(+0x45330)[0x795513445330]
[vmi3233575:253018] [ 1] /lib/x86_64-linux-gnu/libc.so.6(pthread_kill+0x11c)[0x79551349eb2c]
[vmi3233575:253018] [ 2] /lib/x86_64-linux-gnu/libc.so.6(abort+0xdf)[0x7e7048c288ff]
[vmi3233575:253017] [ 4] [vmi3233575:253016] [ 0] /lib/x86_64-linux-gnu/libc.so.6(gsignal+0x1e)[0x79551344527e]
[vmi3233575:253018] [ 3] /lib/x86_64-linux-gnu/libc.so.6(abort+0xdf)[0x7955134288ff]
[vmi3233575:253018] [ 4] /opt/orca/lib/liborca_tools_6_1_1_mpi.so.6(_Z9PAL_Aborti+0x20)[0x7955187a1f50]
[vmi3233575:253018] [ 5] [vmi3233575:253013] [ 0] /lib/x86_64-linux-gnu/libc.so.6(+0x45330)[0x7d9270c45330]
[vmi3233575:253013] [ 1] /lib/x86_64-linux-gnu/libc.so.6(pthread_kill+0x11c)[0x7d9270c9eb2c]
[vmi3233575:253013] [ 2] /lib/x86_64-linux-gnu/libc.so.6(gsignal+0x1e)[0x7d9270c4527e]
[vmi3233575:253013] [ 3] /lib/x86_64-linux-gnu/libc.so.6(abort+0xdf)[0x7d9270c288ff]
[vmi3233575:253013] [ 4] /lib/x86_64-linux-gnu/libc.so.6(+0x45330)[0x7778c7645330]
[vmi3233575:253016] [ 1] /lib/x86_64-linux-gnu/libc.so.6(pthread_kill+0x11c)[0x7778c769eb2c]
[vmi3233575:253016] [ 2] /lib/x86_64-linux-gnu/libc.so.6(gsignal+0x1e)[0x7778c764527e]
[vmi3233575:253016] [ 3] /lib/x86_64-linux-gnu/libc.so.6(abort+0xdf)[0x7778c76288ff]
[vmi3233575:253016] [ 4] [vmi3233575:253014] [ 0] /lib/x86_64-linux-gnu/libc.so.6(+0x45330)[0x775810045330]
[vmi3233575:253014] [ 1] /lib/x86_64-linux-gnu/libc.so.6(pthread_kill+0x11c)[0x77581009eb2c]
[vmi3233575:253014] [ 2] /lib/x86_64-linux-gnu/libc.so.6(gsignal+0x1e)[0x77581004527e]
[vmi3233575:253014] [ 3] /lib/x86_64-linux-gnu/libc.so.6(abort+0xdf)[0x7758100288ff]
[vmi3233575:253014] [ 4] /opt/orca/lib/liborca_tools_6_1_1_mpi.so.6(_Z9PAL_Aborti+0x20)[0x7e704dfa1f50]
[vmi3233575:253017] [ 5] /opt/orca/lib/liborca_tools_6_1_1_mpi.so.6(_Z9PAL_Aborti+0x20)[0x7b95717a1f50]
[vmi3233575:253015] [ 5] /opt/orca/lib/liborca_tools_6_1_1_mpi.so.6(_Z9PAL_Aborti+0x20)[0x7778cc9a1f50]
[vmi3233575:253016] [ 5] /opt/orca/lib/liborca_tools_6_1_1_mpi.so.6(_Z16AbortMessageArgsPKciz+0xcc)[0x795514539dfc]
[vmi3233575:253018] [ 6] /opt/orca/orca_leanscf_mpi[0x44203c]
[vmi3233575:253018] [ 7] /opt/orca/orca_leanscf_mpi[0x448aad]
[vmi3233575:253018] [ 8] /opt/orca/orca_leanscf_mpi[0x47bb20]
[vmi3233575:253018] [ 9] /opt/orca/orca_leanscf_mpi[0x426ad7]
[vmi3233575:253018] [10] /lib/x86_64-linux-gnu/libc.so.6(+0x2a1ca)[0x79551342a1ca]
[vmi3233575:253018] [11] /lib/x86_64-linux-gnu/libc.so.6(__libc_start_main+0x8b)[0x79551342a28b]
[vmi3233575:253018] [12] /opt/orca/orca_leanscf_mpi[0x426116]
[vmi3233575:253018] *** End of error message ***
[vmi3233575:253011] [ 0] /lib/x86_64-linux-gnu/libc.so.6(+0x45330)[0x73ab83a45330]
[vmi3233575:253011] [ 1] /lib/x86_64-linux-gnu/libc.so.6(pthread_kill+0x11c)[0x73ab83a9eb2c]
[vmi3233575:253011] [ 2] /lib/x86_64-linux-gnu/libc.so.6(gsignal+0x1e)[0x73ab83a4527e]
[vmi3233575:253011] [ 3] /lib/x86_64-linux-gnu/libc.so.6(abort+0xdf)[0x73ab83a288ff]
[vmi3233575:253011] [ 4] /opt/orca/lib/liborca_tools_6_1_1_mpi.so.6(_Z9PAL_Aborti+0x20)[0x73ab88da1f50]
[vmi3233575:253011] [ 5] /opt/orca/lib/liborca_tools_6_1_1_mpi.so.6(_Z9PAL_Aborti+0x20)[0x7d9275fa1f50]
[vmi3233575:253013] [ 5] /opt/orca/lib/liborca_tools_6_1_1_mpi.so.6(_Z16AbortMessageArgsPKciz+0xcc)[0x7d9271d39dfc]
[vmi3233575:253013] [ 6] /opt/orca/orca_leanscf_mpi[0x44203c]
[vmi3233575:253013] [ 7] /opt/orca/orca_leanscf_mpi[0x448aad]
[vmi3233575:253013] [ 8] /opt/orca/orca_leanscf_mpi[0x47bb20]
[vmi3233575:253013] [ 9] /opt/orca/orca_leanscf_mpi[0x426ad7]
[vmi3233575:253013] [10] /lib/x86_64-linux-gnu/libc.so.6(+0x2a1ca)[0x7d9270c2a1ca]
[vmi3233575:253013] [11] /lib/x86_64-linux-gnu/libc.so.6(__libc_start_main+0x8b)[0x7d9270c2a28b]
[vmi3233575:253013] [12] /opt/orca/orca_leanscf_mpi[0x426116]
[vmi3233575:253013] *** End of error message ***
/opt/orca/lib/liborca_tools_6_1_1_mpi.so.6(_Z16AbortMessageArgsPKciz+0xcc)[0x7b956d539dfc]
[vmi3233575:253015] [ 6] /opt/orca/orca_leanscf_mpi[0x44203c]
[vmi3233575:253015] [ 7] /opt/orca/orca_leanscf_mpi[0x448aad]
[vmi3233575:253015] [ 8] /opt/orca/orca_leanscf_mpi[0x47bb20]
[vmi3233575:253015] [ 9] /opt/orca/orca_leanscf_mpi[0x426ad7]
[vmi3233575:253015] [10] /lib/x86_64-linux-gnu/libc.so.6(+0x2a1ca)[0x7b956c42a1ca]
[vmi3233575:253015] [11] /lib/x86_64-linux-gnu/libc.so.6(__libc_start_main+0x8b)[0x7b956c42a28b]
[vmi3233575:253015] [12] /opt/orca/orca_leanscf_mpi[0x426116]
[vmi3233575:253015] *** End of error message ***
[vmi3233575:253012] [ 0] /lib/x86_64-linux-gnu/libc.so.6(+0x45330)[0x7b4f31e45330]
[vmi3233575:253012] [ 1] /lib/x86_64-linux-gnu/libc.so.6(pthread_kill+0x11c)[0x7b4f31e9eb2c]
[vmi3233575:253012] [ 2] /lib/x86_64-linux-gnu/libc.so.6(gsignal+0x1e)[0x7b4f31e4527e]
[vmi3233575:253012] [ 3] /lib/x86_64-linux-gnu/libc.so.6(abort+0xdf)[0x7b4f31e288ff]
[vmi3233575:253012] [ 4] /opt/orca/lib/liborca_tools_6_1_1_mpi.so.6(_Z9PAL_Aborti+0x20)[0x7b4f371a1f50]
[vmi3233575:253012] [ 5] /opt/orca/lib/liborca_tools_6_1_1_mpi.so.6(_Z16AbortMessageArgsPKciz+0xcc)[0x7e7049d39dfc]
[vmi3233575:253017] [ 6] /opt/orca/orca_leanscf_mpi[0x44203c]
[vmi3233575:253017] [ 7] /opt/orca/orca_leanscf_mpi[0x448aad]
[vmi3233575:253017] [ 8] /opt/orca/orca_leanscf_mpi[0x47bb20]
[vmi3233575:253017] [ 9] /opt/orca/orca_leanscf_mpi[0x426ad7]
[vmi3233575:253017] [10] /lib/x86_64-linux-gnu/libc.so.6(+0x2a1ca)[0x7e7048c2a1ca]
[vmi3233575:253017] [11] /lib/x86_64-linux-gnu/libc.so.6(__libc_start_main+0x8b)[0x7e7048c2a28b]
[vmi3233575:253017] [12] /opt/orca/orca_leanscf_mpi[0x426116]
[vmi3233575:253017] *** End of error message ***
/opt/orca/lib/liborca_tools_6_1_1_mpi.so.6(_Z16AbortMessageArgsPKciz+0xcc)[0x7778c8739dfc]
[vmi3233575:253016] [ 6] /opt/orca/orca_leanscf_mpi[0x44203c]
[vmi3233575:253016] [ 7] /opt/orca/orca_leanscf_mpi[0x448aad]
[vmi3233575:253016] [ 8] /opt/orca/orca_leanscf_mpi[0x47bb20]
[vmi3233575:253016] [ 9] /opt/orca/orca_leanscf_mpi[0x426ad7]
[vmi3233575:253016] [10] /lib/x86_64-linux-gnu/libc.so.6(+0x2a1ca)[0x7778c762a1ca]
[vmi3233575:253016] [11] /lib/x86_64-linux-gnu/libc.so.6(__libc_start_main+0x8b)[0x7778c762a28b]
[vmi3233575:253016] [12] /opt/orca/orca_leanscf_mpi[0x426116]
[vmi3233575:253016] *** End of error message ***
/opt/orca/lib/liborca_tools_6_1_1_mpi.so.6(_Z9PAL_Aborti+0x20)[0x7758153a1f50]
[vmi3233575:253014] [ 5] /opt/orca/lib/liborca_tools_6_1_1_mpi.so.6(_Z16AbortMessageArgsPKciz+0xcc)[0x7b4f32f39dfc]
[vmi3233575:253012] [ 6] /opt/orca/orca_leanscf_mpi[0x44203c]
[vmi3233575:253012] [ 7] /opt/orca/orca_leanscf_mpi[0x448aad]
[vmi3233575:253012] [ 8] /opt/orca/orca_leanscf_mpi[0x47bb20]
[vmi3233575:253012] [ 9] /opt/orca/orca_leanscf_mpi[0x426ad7]
[vmi3233575:253012] [10] /lib/x86_64-linux-gnu/libc.so.6(+0x2a1ca)[0x7b4f31e2a1ca]
[vmi3233575:253012] [11] /lib/x86_64-linux-gnu/libc.so.6(__libc_start_main+0x8b)[0x7b4f31e2a28b]
[vmi3233575:253012] [12] /opt/orca/orca_leanscf_mpi[0x426116]
[vmi3233575:253012] *** End of error message ***
/opt/orca/lib/liborca_tools_6_1_1_mpi.so.6(_Z16AbortMessageArgsPKciz+0xcc)[0x73ab84b39dfc]
[vmi3233575:253011] [ 6] /opt/orca/orca_leanscf_mpi[0x44203c]
[vmi3233575:253011] [ 7] /opt/orca/orca_leanscf_mpi[0x448aad]
[vmi3233575:253011] [ 8] /opt/orca/orca_leanscf_mpi[0x47bb20]
[vmi3233575:253011] [ 9] /opt/orca/orca_leanscf_mpi[0x426ad7]
[vmi3233575:253011] [10] /lib/x86_64-linux-gnu/libc.so.6(+0x2a1ca)[0x73ab83a2a1ca]
[vmi3233575:253011] [11] /lib/x86_64-linux-gnu/libc.so.6(__libc_start_main+0x8b)[0x73ab83a2a28b]
[vmi3233575:253011] [12] /opt/orca/orca_leanscf_mpi[0x426116]
[vmi3233575:253011] *** End of error message ***
/opt/orca/lib/liborca_tools_6_1_1_mpi.so.6(_Z16AbortMessageArgsPKciz+0xcc)[0x775811139dfc]
[vmi3233575:253014] [ 6] /opt/orca/orca_leanscf_mpi[0x44203c]
[vmi3233575:253014] [ 7] /opt/orca/orca_leanscf_mpi[0x448aad]
[vmi3233575:253014] [ 8] /opt/orca/orca_leanscf_mpi[0x47bb20]
[vmi3233575:253014] [ 9] /opt/orca/orca_leanscf_mpi[0x426ad7]
[vmi3233575:253014] [10] /lib/x86_64-linux-gnu/libc.so.6(+0x2a1ca)[0x77581002a1ca]
[vmi3233575:253014] [11] /lib/x86_64-linux-gnu/libc.so.6(__libc_start_main+0x8b)[0x77581002a28b]
[vmi3233575:253014] [12] /opt/orca/orca_leanscf_mpi[0x426116]
[vmi3233575:253014] *** End of error message ***
--------------------------------------------------------------------------
Primary job  terminated normally, but 1 process returned
a non-zero exit code. Per user-direction, the job has been aborted.
--------------------------------------------------------------------------
--------------------------------------------------------------------------
mpirun noticed that process rank 3 with PID 0 on node vmi3233575 exited on signal 6 (Aborted).
--------------------------------------------------------------------------
[file orca_tools/qcmsg.cpp, line 394]: 
  .... aborting the run

