[file orca_leanscf/orca_leanscf.cpp, line 306, Process 7]: Error (ORCA_LEANSCF): unfortunately, the SCF has not converged. There may be a way out but we have to stop here 
[file orca_leanscf/orca_leanscf.cpp, line 306, Process 0]: Error (ORCA_LEANSCF): unfortunately, the SCF has not converged. There may be a way out but we have to stop here 
[file orca_leanscf/orca_leanscf.cpp, line 306, Process 1]: Error (ORCA_LEANSCF): unfortunately, the SCF has not converged. There may be a way out but we have to stop here 
[file orca_leanscf/orca_leanscf.cpp, line 306, Process 3]: Error (ORCA_LEANSCF): unfortunately, the SCF has not converged. There may be a way out but we have to stop here 
[file orca_leanscf/orca_leanscf.cpp, line 306, Process 4]: Error (ORCA_LEANSCF): unfortunately, the SCF has not converged. There may be a way out but we have to stop here 
[file orca_leanscf/orca_leanscf.cpp, line 306, Process 5]: Error (ORCA_LEANSCF): unfortunately, the SCF has not converged. There may be a way out but we have to stop here 
[file orca_leanscf/orca_leanscf.cpp, line 306, Process 6]: Error (ORCA_LEANSCF): unfortunately, the SCF has not converged. There may be a way out but we have to stop here 
[vmi3233575:315924] *** Process received signal ***
[vmi3233575:315924] Signal: Aborted (6)
[vmi3233575:315924] Signal code:  (-6)
[vmi3233575:315917] *** Process received signal ***
[vmi3233575:315918] *** Process received signal ***
[vmi3233575:315918] Signal: Aborted (6)
[vmi3233575:315918] Signal code:  (-6)
[vmi3233575:315920] *** Process received signal ***
[vmi3233575:315920] Signal: Aborted (6)
[vmi3233575:315920] Signal code:  (-6)
[vmi3233575:315921] *** Process received signal ***
[vmi3233575:315921] Signal: Aborted (6)
[vmi3233575:315921] Signal code:  (-6)
[vmi3233575:315922] *** Process received signal ***
[vmi3233575:315922] Signal: Aborted (6)
[vmi3233575:315922] Signal code:  (-6)
[vmi3233575:315926] *** Process received signal ***
[vmi3233575:315926] Signal: Aborted (6)
[vmi3233575:315926] Signal code:  (-6)
[file orca_leanscf/orca_leanscf.cpp, line 306, Process 2]: Error (ORCA_LEANSCF): unfortunately, the SCF has not converged. There may be a way out but we have to stop here 
[vmi3233575:315919] *** Process received signal ***
[vmi3233575:315919] Signal: Aborted (6)
[vmi3233575:315919] Signal code:  (-6)
[vmi3233575:315921] [ 0] /lib/x86_64-linux-gnu/libc.so.6(+0x45330)[0x7b0f9f045330]
[vmi3233575:315921] [ 1] /lib/x86_64-linux-gnu/libc.so.6(pthread_kill+0x11c)[0x7b0f9f09eb2c]
[vmi3233575:315921] [ 2] /lib/x86_64-linux-gnu/libc.so.6(gsignal+0x1e)[0x7b0f9f04527e]
[vmi3233575:315921] [ 3] /lib/x86_64-linux-gnu/libc.so.6(abort+0xdf)[0x7b0f9f0288ff]
[vmi3233575:315921] [ 4] [vmi3233575:315922] [ 0] /lib/x86_64-linux-gnu/libc.so.6(+0x45330)[0x7a3190e45330]
[vmi3233575:315922] [ 1] /lib/x86_64-linux-gnu/libc.so.6(pthread_kill+0x11c)[0x7a3190e9eb2c]
[vmi3233575:315922] [ 2] /lib/x86_64-linux-gnu/libc.so.6(gsignal+0x1e)[0x7a3190e4527e]
[vmi3233575:315922] [ 3] /lib/x86_64-linux-gnu/libc.so.6(abort+0xdf)[0x7a3190e288ff]
[vmi3233575:315922] [ 4] [vmi3233575:315919] [ 0] /lib/x86_64-linux-gnu/libc.so.6(+0x45330)[0x7b2e94245330]
[vmi3233575:315919] [ 1] /lib/x86_64-linux-gnu/libc.so.6(pthread_kill+0x11c)[0x7b2e9429eb2c]
[vmi3233575:315919] [ 2] /lib/x86_64-linux-gnu/libc.so.6(gsignal+0x1e)[0x7b2e9424527e]
[vmi3233575:315919] [ 3] /lib/x86_64-linux-gnu/libc.so.6(abort+0xdf)[0x7b2e942288ff]
[vmi3233575:315919] [ 4] [vmi3233575:315924] [ 0] /lib/x86_64-linux-gnu/libc.so.6(+0x45330)[0x7fea28c45330]
[vmi3233575:315924] [ 1] /lib/x86_64-linux-gnu/libc.so.6(pthread_kill+0x11c)[0x7fea28c9eb2c]
[vmi3233575:315924] [ 2] /lib/x86_64-linux-gnu/libc.so.6(gsignal+0x1e)[0x7fea28c4527e]
[vmi3233575:315924] [ 3] /lib/x86_64-linux-gnu/libc.so.6(abort+0xdf)[0x7fea28c288ff]
[vmi3233575:315924] [ 4] [vmi3233575:315926] [ 0] /lib/x86_64-linux-gnu/libc.so.6(+0x45330)[0x77b742245330]
[vmi3233575:315926] [ 1] /lib/x86_64-linux-gnu/libc.so.6(pthread_kill+0x11c)[0x77b74229eb2c]
[vmi3233575:315926] [ 2] /lib/x86_64-linux-gnu/libc.so.6(gsignal+0x1e)[0x77b74224527e]
[vmi3233575:315926] [ 3] /lib/x86_64-linux-gnu/libc.so.6(abort+0xdf)[0x77b7422288ff]
[vmi3233575:315926] [ 4] [vmi3233575:315917] Signal: Aborted (6)
[vmi3233575:315917] Signal code:  (-6)
[vmi3233575:315917] [ 0] /lib/x86_64-linux-gnu/libc.so.6(+0x45330)[0x7a1f5f445330]
[vmi3233575:315917] [ 1] /lib/x86_64-linux-gnu/libc.so.6(pthread_kill+0x11c)[0x7a1f5f49eb2c]
[vmi3233575:315917] [ 2] /lib/x86_64-linux-gnu/libc.so.6(gsignal+0x1e)[0x7a1f5f44527e]
[vmi3233575:315917] [ 3] /lib/x86_64-linux-gnu/libc.so.6(abort+0xdf)[0x7a1f5f4288ff]
[vmi3233575:315917] [ 4] [vmi3233575:315918] [ 0] /lib/x86_64-linux-gnu/libc.so.6(+0x45330)[0x783b79e45330]
[vmi3233575:315918] [ 1] /lib/x86_64-linux-gnu/libc.so.6(pthread_kill+0x11c)[0x783b79e9eb2c]
[vmi3233575:315918] [ 2] /lib/x86_64-linux-gnu/libc.so.6(gsignal+0x1e)[0x783b79e4527e]
[vmi3233575:315918] [ 3] /lib/x86_64-linux-gnu/libc.so.6(abort+0xdf)[0x783b79e288ff]
[vmi3233575:315918] [ 4] [vmi3233575:315920] [ 0] /lib/x86_64-linux-gnu/libc.so.6(+0x45330)[0x721528a45330]
[vmi3233575:315920] [ 1] /lib/x86_64-linux-gnu/libc.so.6(pthread_kill+0x11c)[0x721528a9eb2c]
[vmi3233575:315920] [ 2] /lib/x86_64-linux-gnu/libc.so.6(gsignal+0x1e)[0x721528a4527e]
[vmi3233575:315920] [ 3] /lib/x86_64-linux-gnu/libc.so.6(abort+0xdf)[0x721528a288ff]
[vmi3233575:315920] [ 4] /opt/orca/lib/liborca_tools_6_1_1_mpi.so.6(_Z9PAL_Aborti+0x20)[0x77b7475a1f50]
[vmi3233575:315926] [ 5] /opt/orca/orca_leanscf_mpi[0x426c3f]
[vmi3233575:315926] [ 6] /lib/x86_64-linux-gnu/libc.so.6(+0x2a1ca)[0x77b74222a1ca]
[vmi3233575:315926] [ 7] /lib/x86_64-linux-gnu/libc.so.6(__libc_start_main+0x8b)[0x77b74222a28b]
/opt/orca/lib/liborca_tools_6_1_1_mpi.so.6(_Z9PAL_Aborti+0x20)[0x7a1f647a1f50]
[vmi3233575:315917] [ 5] /opt/orca/orca_leanscf_mpi[0x426c3f]
[vmi3233575:315917] [ 6] /lib/x86_64-linux-gnu/libc.so.6(+0x2a1ca)[0x7a1f5f42a1ca]
[vmi3233575:315917] [ 7] /opt/orca/lib/liborca_tools_6_1_1_mpi.so.6(_Z9PAL_Aborti+0x20)[0x783b7f1a1f50]
[vmi3233575:315918] [ 5] /opt/orca/orca_leanscf_mpi[0x426c3f]
[vmi3233575:315918] [ 6] /lib/x86_64-linux-gnu/libc.so.6(+0x2a1ca)[0x783b79e2a1ca]
[vmi3233575:315918] [ 7] /opt/orca/lib/liborca_tools_6_1_1_mpi.so.6(_Z9PAL_Aborti+0x20)[0x7a31961a1f50]
[vmi3233575:315922] [ 5] /opt/orca/orca_leanscf_mpi[0x426c3f]
[vmi3233575:315922] [ 6] /lib/x86_64-linux-gnu/libc.so.6(+0x2a1ca)[0x7a3190e2a1ca]
[vmi3233575:315922] [ 7] /lib/x86_64-linux-gnu/libc.so.6(__libc_start_main+0x8b)[0x7a3190e2a28b]
[vmi3233575:315922] [ 8] /opt/orca/lib/liborca_tools_6_1_1_mpi.so.6(_Z9PAL_Aborti+0x20)[0x7b0fa43a1f50]
[vmi3233575:315921] [ 5] /opt/orca/orca_leanscf_mpi[0x426c3f]
[vmi3233575:315921] [ 6] /lib/x86_64-linux-gnu/libc.so.6(+0x2a1ca)[0x7b0f9f02a1ca]
[vmi3233575:315921] [ 7] /lib/x86_64-linux-gnu/libc.so.6(__libc_start_main+0x8b)[0x7b0f9f02a28b]
[vmi3233575:315921] [ 8] /opt/orca/orca_leanscf_mpi[0x426116]
[vmi3233575:315921] *** End of error message ***
/opt/orca/lib/liborca_tools_6_1_1_mpi.so.6(_Z9PAL_Aborti+0x20)[0x72152dda1f50]
[vmi3233575:315920] [ 5] /opt/orca/orca_leanscf_mpi[0x426c3f]
[vmi3233575:315920] [ 6] /lib/x86_64-linux-gnu/libc.so.6(+0x2a1ca)[0x721528a2a1ca]
[vmi3233575:315920] [ 7] /opt/orca/lib/liborca_tools_6_1_1_mpi.so.6(_Z9PAL_Aborti+0x20)[0x7b2e995a1f50]
[vmi3233575:315919] [ 5] /opt/orca/orca_leanscf_mpi[0x426c3f]
[vmi3233575:315919] [ 6] /lib/x86_64-linux-gnu/libc.so.6(+0x2a1ca)[0x7b2e9422a1ca]
[vmi3233575:315919] [ 7] /lib/x86_64-linux-gnu/libc.so.6(__libc_start_main+0x8b)[0x7b2e9422a28b]
[vmi3233575:315919] [ 8] /opt/orca/orca_leanscf_mpi[0x426116]
[vmi3233575:315919] *** End of error message ***
/opt/orca/lib/liborca_tools_6_1_1_mpi.so.6(_Z9PAL_Aborti+0x20)[0x7fea2dfa1f50]
/lib/x86_64-linux-gnu/libc.so.6(__libc_start_main+0x8b)[0x721528a2a28b]
[vmi3233575:315920] [ 8] /opt/orca/orca_leanscf_mpi[0x426116]
[vmi3233575:315920] *** End of error message ***
[vmi3233575:315926] [ 8] /opt/orca/orca_leanscf_mpi[0x426116]
[vmi3233575:315926] *** End of error message ***
/lib/x86_64-linux-gnu/libc.so.6(__libc_start_main+0x8b)[0x7a1f5f42a28b]
[vmi3233575:315917] [ 8] /opt/orca/orca_leanscf_mpi[0x426116]
[vmi3233575:315917] *** End of error message ***
/lib/x86_64-linux-gnu/libc.so.6(__libc_start_main+0x8b)[0x783b79e2a28b]
[vmi3233575:315918] [ 8] /opt/orca/orca_leanscf_mpi[0x426116]
[vmi3233575:315918] *** End of error message ***
/opt/orca/orca_leanscf_mpi[0x426116]
[vmi3233575:315922] *** End of error message ***
[vmi3233575:315924] [ 5] /opt/orca/orca_leanscf_mpi[0x426c3f]
[vmi3233575:315924] [ 6] /lib/x86_64-linux-gnu/libc.so.6(+0x2a1ca)[0x7fea28c2a1ca]
[vmi3233575:315924] [ 7] /lib/x86_64-linux-gnu/libc.so.6(__libc_start_main+0x8b)[0x7fea28c2a28b]
[vmi3233575:315924] [ 8] /opt/orca/orca_leanscf_mpi[0x426116]
[vmi3233575:315924] *** End of error message ***
--------------------------------------------------------------------------
Primary job  terminated normally, but 1 process returned
a non-zero exit code. Per user-direction, the job has been aborted.
--------------------------------------------------------------------------
--------------------------------------------------------------------------
mpirun noticed that process rank 6 with PID 0 on node vmi3233575 exited on signal 6 (Aborted).
--------------------------------------------------------------------------
[file orca_tools/qcmsg.cpp, line 394]: 
  .... aborting the run

