[vmi3233575][[22372,1],7][../../../../../../opal/mca/btl/tcp/btl_tcp.c:559:mca_btl_tcp_recv_blocking] recv(17) failed: Connection reset by peer (104)
[file orca_leanscf/orca_leanscf.cpp, line 306, Process 0]: Error (ORCA_LEANSCF): unfortunately, the SCF has not converged. There may be a way out but we have to stop here 
[file orca_leanscf/orca_leanscf.cpp, line 306, Process 2]: Error (ORCA_LEANSCF): unfortunately, the SCF has not converged. There may be a way out but we have to stop here 
[file orca_leanscf/orca_leanscf.cpp, line 306, Process 3]: Error (ORCA_LEANSCF): unfortunately, the SCF has not converged. There may be a way out but we have to stop here 
[file orca_leanscf/orca_leanscf.cpp, line 306, Process 4]: Error (ORCA_LEANSCF): unfortunately, the SCF has not converged. There may be a way out but we have to stop here 
[file orca_leanscf/orca_leanscf.cpp, line 306, Process 5]: Error (ORCA_LEANSCF): unfortunately, the SCF has not converged. There may be a way out but we have to stop here 
[file orca_leanscf/orca_leanscf.cpp, line 306, Process 6]: Error (ORCA_LEANSCF): unfortunately, the SCF has not converged. There may be a way out but we have to stop here 
[file orca_leanscf/orca_leanscf.cpp, line 306, Process 7]: Error (ORCA_LEANSCF): unfortunately, the SCF has not converged. There may be a way out but we have to stop here 
[file orca_leanscf/orca_leanscf.cpp, line 306, Process 1]: Error (ORCA_LEANSCF): unfortunately, the SCF has not converged. There may be a way out but we have to stop here 
[vmi3233575:262306] *** Process received signal ***
[vmi3233575:262306] Signal: Aborted (6)
[vmi3233575:262306] Signal code:  (-6)
[vmi3233575:262292] *** Process received signal ***
[vmi3233575:262292] Signal: Aborted (6)
[vmi3233575:262292] Signal code:  (-6)
[vmi3233575:262294] *** Process received signal ***
[vmi3233575:262294] Signal: Aborted (6)
[vmi3233575:262294] Signal code:  (-6)
[vmi3233575:262295] *** Process received signal ***
[vmi3233575:262295] Signal: Aborted (6)
[vmi3233575:262295] Signal code:  (-6)
[vmi3233575:262296] *** Process received signal ***
[vmi3233575:262296] Signal: Aborted (6)
[vmi3233575:262296] Signal code:  (-6)
[vmi3233575:262297] *** Process received signal ***
[vmi3233575:262297] Signal: Aborted (6)
[vmi3233575:262297] Signal code:  (-6)
[vmi3233575:262300] *** Process received signal ***
[vmi3233575:262300] Signal: Aborted (6)
[vmi3233575:262300] Signal code:  (-6)
[vmi3233575:262293] *** Process received signal ***
[vmi3233575:262293] Signal: Aborted (6)
[vmi3233575:262293] Signal code:  (-6)
[vmi3233575:262306] [ 0] /lib/x86_64-linux-gnu/libc.so.6(+0x45330)[0x7260c3445330]
[vmi3233575:262306] [ 1] /lib/x86_64-linux-gnu/libc.so.6(pthread_kill+0x11c)[0x7260c349eb2c]
[vmi3233575:262306] [ 2] /lib/x86_64-linux-gnu/libc.so.6(gsignal+0x1e)[0x7260c344527e]
[vmi3233575:262306] [ 3] /lib/x86_64-linux-gnu/libc.so.6(abort+0xdf)[0x7260c34288ff]
[vmi3233575:262306] [ 4] [vmi3233575:262292] [ 0] /lib/x86_64-linux-gnu/libc.so.6(+0x45330)[0x76c218045330]
[vmi3233575:262292] [ 1] /lib/x86_64-linux-gnu/libc.so.6(pthread_kill+0x11c)[0x76c21809eb2c]
[vmi3233575:262292] [ 2] /lib/x86_64-linux-gnu/libc.so.6(gsignal+0x1e)[0x76c21804527e]
[vmi3233575:262292] [ 3] /lib/x86_64-linux-gnu/libc.so.6(abort+0xdf)[0x76c2180288ff]
[vmi3233575:262292] [ 4] [vmi3233575:262294] [ 0] /lib/x86_64-linux-gnu/libc.so.6(+0x45330)[0x772ca2045330]
[vmi3233575:262294] [ 1] /lib/x86_64-linux-gnu/libc.so.6(pthread_kill+0x11c)[0x772ca209eb2c]
[vmi3233575:262294] [ 2] /lib/x86_64-linux-gnu/libc.so.6(gsignal+0x1e)[0x772ca204527e]
[vmi3233575:262294] [ 3] /lib/x86_64-linux-gnu/libc.so.6(abort+0xdf)[0x772ca20288ff]
[vmi3233575:262294] [ 4] [vmi3233575:262295] [ 0] /lib/x86_64-linux-gnu/libc.so.6(+0x45330)[0x7def3ee45330]
[vmi3233575:262295] [ 1] /lib/x86_64-linux-gnu/libc.so.6(pthread_kill+0x11c)[0x7def3ee9eb2c]
[vmi3233575:262295] [ 2] /lib/x86_64-linux-gnu/libc.so.6(gsignal+0x1e)[0x7def3ee4527e]
[vmi3233575:262295] [ 3] /lib/x86_64-linux-gnu/libc.so.6(abort+0xdf)[0x7def3ee288ff]
[vmi3233575:262295] [ 4] [vmi3233575:262296] [ 0] /lib/x86_64-linux-gnu/libc.so.6(+0x45330)[0x7d16b8245330]
[vmi3233575:262296] [ 1] /lib/x86_64-linux-gnu/libc.so.6(pthread_kill+0x11c)[0x7d16b829eb2c]
[vmi3233575:262296] [ 2] /lib/x86_64-linux-gnu/libc.so.6(gsignal+0x1e)[0x7d16b824527e]
[vmi3233575:262296] [ 3] /lib/x86_64-linux-gnu/libc.so.6(abort+0xdf)[0x7d16b82288ff]
[vmi3233575:262296] [ 4] [vmi3233575:262297] [ 0] /lib/x86_64-linux-gnu/libc.so.6(+0x45330)[0x71ea1a645330]
[vmi3233575:262297] [ 1] /lib/x86_64-linux-gnu/libc.so.6(pthread_kill+0x11c)[0x71ea1a69eb2c]
[vmi3233575:262297] [ 2] /lib/x86_64-linux-gnu/libc.so.6(gsignal+0x1e)[0x71ea1a64527e]
[vmi3233575:262297] [ 3] /lib/x86_64-linux-gnu/libc.so.6(abort+0xdf)[0x71ea1a6288ff]
[vmi3233575:262297] [ 4] [vmi3233575:262293] [ 0] /lib/x86_64-linux-gnu/libc.so.6(+0x45330)[0x7c3ea2645330]
[vmi3233575:262293] [ 1] /lib/x86_64-linux-gnu/libc.so.6(pthread_kill+0x11c)[0x7c3ea269eb2c]
[vmi3233575:262293] [ 2] /lib/x86_64-linux-gnu/libc.so.6(gsignal+0x1e)[0x7c3ea264527e]
[vmi3233575:262293] [ 3] /lib/x86_64-linux-gnu/libc.so.6(abort+0xdf)[0x7c3ea26288ff]
[vmi3233575:262293] [ 4] [vmi3233575:262300] [ 0] /lib/x86_64-linux-gnu/libc.so.6(+0x45330)[0x7e750d645330]
[vmi3233575:262300] [ 1] /lib/x86_64-linux-gnu/libc.so.6(pthread_kill+0x11c)[0x7e750d69eb2c]
[vmi3233575:262300] [ 2] /lib/x86_64-linux-gnu/libc.so.6(gsignal+0x1e)[0x7e750d64527e]
[vmi3233575:262300] [ 3] /lib/x86_64-linux-gnu/libc.so.6(abort+0xdf)[0x7e750d6288ff]
[vmi3233575:262300] [ 4] /opt/orca/lib/liborca_tools_6_1_1_mpi.so.6(_Z9PAL_Aborti+0x20)[0x71ea1f9a1f50]
[vmi3233575:262297] [ 5] /opt/orca/orca_leanscf_mpi[0x426c3f]
[vmi3233575:262297] [ 6] /lib/x86_64-linux-gnu/libc.so.6(+0x2a1ca)[0x71ea1a62a1ca]
[vmi3233575:262297] [ 7] /lib/x86_64-linux-gnu/libc.so.6(__libc_start_main+0x8b)[0x71ea1a62a28b]
/opt/orca/lib/liborca_tools_6_1_1_mpi.so.6(_Z9PAL_Aborti+0x20)[0x7260c87a1f50]
[vmi3233575:262306] [ 5] /opt/orca/orca_leanscf_mpi[0x426c3f]
[vmi3233575:262306] [ 6] /lib/x86_64-linux-gnu/libc.so.6(+0x2a1ca)[0x7260c342a1ca]
[vmi3233575:262306] [ 7] /lib/x86_64-linux-gnu/libc.so.6(__libc_start_main+0x8b)[0x7260c342a28b]
/opt/orca/lib/liborca_tools_6_1_1_mpi.so.6(_Z9PAL_Aborti+0x20)[0x76c21d3a1f50]
[vmi3233575:262292] [ 5] /opt/orca/orca_leanscf_mpi[0x426c3f]
[vmi3233575:262292] [ 6] /lib/x86_64-linux-gnu/libc.so.6(+0x2a1ca)[0x76c21802a1ca]
[vmi3233575:262292] [ 7] /lib/x86_64-linux-gnu/libc.so.6(__libc_start_main+0x8b)[0x76c21802a28b]
[vmi3233575:262292] [ 8] /opt/orca/orca_leanscf_mpi[0x426116]
[vmi3233575:262292] *** End of error message ***
/opt/orca/lib/liborca_tools_6_1_1_mpi.so.6(_Z9PAL_Aborti+0x20)[0x772ca73a1f50]
/opt/orca/lib/liborca_tools_6_1_1_mpi.so.6(_Z9PAL_Aborti+0x20)[0x7def441a1f50]
[vmi3233575:262295] [ 5] /opt/orca/orca_leanscf_mpi[0x426c3f]
[vmi3233575:262295] [ 6] /lib/x86_64-linux-gnu/libc.so.6(+0x2a1ca)[0x7def3ee2a1ca]
[vmi3233575:262295] [ 7] /lib/x86_64-linux-gnu/libc.so.6(__libc_start_main+0x8b)[0x7def3ee2a28b]
[vmi3233575:262295] [ 8] /opt/orca/orca_leanscf_mpi[0x426116]
[vmi3233575:262295] *** End of error message ***
/opt/orca/lib/liborca_tools_6_1_1_mpi.so.6(_Z9PAL_Aborti+0x20)[0x7d16bd5a1f50]
[vmi3233575:262296] [ 5] /opt/orca/orca_leanscf_mpi[0x426c3f]
[vmi3233575:262296] [ 6] /lib/x86_64-linux-gnu/libc.so.6(+0x2a1ca)[0x7d16b822a1ca]
[vmi3233575:262296] [ 7] /lib/x86_64-linux-gnu/libc.so.6(__libc_start_main+0x8b)[0x7d16b822a28b]
[vmi3233575:262296] [ 8] /opt/orca/orca_leanscf_mpi[0x426116]
[vmi3233575:262296] *** End of error message ***
/opt/orca/lib/liborca_tools_6_1_1_mpi.so.6(_Z9PAL_Aborti+0x20)[0x7e75129a1f50]
[vmi3233575:262300] [ 5] /opt/orca/orca_leanscf_mpi[0x426c3f]
[vmi3233575:262300] [ 6] /lib/x86_64-linux-gnu/libc.so.6(+0x2a1ca)[0x7e750d62a1ca]
[vmi3233575:262300] [ 7] /lib/x86_64-linux-gnu/libc.so.6(__libc_start_main+0x8b)[0x7e750d62a28b]
[vmi3233575:262300] [ 8] /opt/orca/orca_leanscf_mpi[0x426116]
[vmi3233575:262300] *** End of error message ***
/opt/orca/lib/liborca_tools_6_1_1_mpi.so.6(_Z9PAL_Aborti+0x20)[0x7c3ea79a1f50]
[vmi3233575:262293] [ 5] /opt/orca/orca_leanscf_mpi[0x426c3f]
[vmi3233575:262293] [ 6] /lib/x86_64-linux-gnu/libc.so.6(+0x2a1ca)[0x7c3ea262a1ca]
[vmi3233575:262293] [ 7] /lib/x86_64-linux-gnu/libc.so.6(__libc_start_main+0x8b)[0x7c3ea262a28b]
[vmi3233575:262293] [ 8] /opt/orca/orca_leanscf_mpi[0x426116]
[vmi3233575:262293] *** End of error message ***
[vmi3233575:262297] [ 8] /opt/orca/orca_leanscf_mpi[0x426116]
[vmi3233575:262297] *** End of error message ***
[vmi3233575:262306] [ 8] /opt/orca/orca_leanscf_mpi[0x426116]
[vmi3233575:262306] *** End of error message ***
[vmi3233575:262294] [ 5] /opt/orca/orca_leanscf_mpi[0x426c3f]
[vmi3233575:262294] [ 6] /lib/x86_64-linux-gnu/libc.so.6(+0x2a1ca)[0x772ca202a1ca]
[vmi3233575:262294] [ 7] /lib/x86_64-linux-gnu/libc.so.6(__libc_start_main+0x8b)[0x772ca202a28b]
[vmi3233575:262294] [ 8] /opt/orca/orca_leanscf_mpi[0x426116]
[vmi3233575:262294] *** End of error message ***
--------------------------------------------------------------------------
Primary job  terminated normally, but 1 process returned
a non-zero exit code. Per user-direction, the job has been aborted.
--------------------------------------------------------------------------
--------------------------------------------------------------------------
mpirun noticed that process rank 0 with PID 0 on node vmi3233575 exited on signal 6 (Aborted).
--------------------------------------------------------------------------
[file orca_tools/qcmsg.cpp, line 394]: 
  .... aborting the run

